>> C:\Users\taira\AppData\Local\Programs\Python\Python312\python.exe D:\python_run_package\driver.py --n 200 --seed 42 --max-workers 4 sample
LHS samples -> D:\python_run_package\samples\lhs_200_seed42.csv  (N=200, seed=42)
>> C:\Users\taira\AppData\Local\Programs\Python\Python312\python.exe D:\python_run_package\driver.py --n 200 --seed 42 --max-workers 4 generate-inp
[gen 1/200] run_0000 status=inp_ready
[gen 2/200] run_0001 status=inp_ready
[gen 3/200] run_0002 status=inp_ready
[gen 4/200] run_0003 status=inp_ready
[gen 5/200] run_0004 status=inp_ready
[gen 6/200] run_0005 status=inp_ready
[gen 7/200] run_0006 status=inp_ready
[gen 8/200] run_0007 status=inp_ready
[gen 9/200] run_0008 status=inp_ready
[gen 10/200] run_0009 status=inp_ready
[gen 11/200] run_0010 status=inp_ready
[gen 12/200] run_0011 status=inp_ready
[gen 13/200] run_0012 status=inp_ready
[gen 14/200] run_0013 status=inp_ready
[gen 15/200] run_0014 status=inp_ready
[gen 16/200] run_0015 status=inp_ready
[gen 17/200] run_0016 status=inp_ready
[gen 18/200] run_0017 status=inp_ready
[gen 19/200] run_0018 status=inp_ready
[gen 20/200] run_0019 status=inp_ready
[gen 21/200] run_0020 status=inp_ready
[gen 22/200] run_0021 status=inp_ready
[gen 23/200] run_0022 status=inp_ready
[gen 24/200] run_0023 status=inp_ready
[gen 25/200] run_0024 status=inp_ready
[gen 26/200] run_0025 status=inp_ready
[gen 27/200] run_0026 status=inp_ready
[gen 28/200] run_0027 status=inp_ready
[gen 29/200] run_0028 status=inp_ready
[gen 30/200] run_0029 status=inp_ready
[gen 31/200] run_0030 status=inp_ready
[gen 32/200] run_0031 status=inp_ready
[gen 33/200] run_0032 status=inp_ready
[gen 34/200] run_0033 status=inp_ready
[gen 35/200] run_0034 status=inp_ready
[gen 36/200] run_0035 status=inp_ready
[gen 37/200] run_0036 status=inp_ready
[gen 38/200] run_0037 status=inp_ready
[gen 39/200] run_0038 status=inp_ready
[gen 40/200] run_0039 status=inp_ready
[gen 41/200] run_0040 status=inp_ready
[gen 42/200] run_0041 status=inp_ready
[gen 43/200] run_0042 status=inp_ready
[gen 44/200] run_0043 status=inp_ready
[gen 45/200] run_0044 status=inp_ready
[gen 46/200] run_0045 status=inp_ready
[gen 47/200] run_0046 status=inp_ready
[gen 48/200] run_0047 status=inp_ready
[gen 49/200] run_0048 status=inp_ready
[gen 50/200] run_0049 status=inp_ready
[gen 51/200] run_0050 status=inp_ready
[gen 52/200] run_0051 status=inp_ready
[gen 53/200] run_0052 status=inp_ready
[gen 54/200] run_0053 status=inp_ready
[gen 55/200] run_0054 status=inp_ready
[gen 56/200] run_0055 status=inp_ready
[gen 57/200] run_0056 status=inp_ready
[gen 58/200] run_0057 status=inp_ready
[gen 59/200] run_0058 status=inp_ready
[gen 60/200] run_0059 status=inp_ready
[gen 61/200] run_0060 status=inp_ready
[gen 62/200] run_0061 status=inp_ready
[gen 63/200] run_0062 status=inp_ready
[gen 64/200] run_0063 status=inp_ready
[gen 65/200] run_0064 status=inp_ready
[gen 66/200] run_0065 status=inp_ready
[gen 67/200] run_0066 status=inp_ready
[gen 68/200] run_0067 status=inp_ready
[gen 69/200] run_0068 status=inp_ready
[gen 70/200] run_0069 status=inp_ready
[gen 71/200] run_0070 status=inp_ready
[gen 72/200] run_0071 status=inp_ready
[gen 73/200] run_0072 status=inp_ready
[gen 74/200] run_0073 status=inp_ready
[gen 75/200] run_0074 status=inp_ready
[gen 76/200] run_0075 status=inp_ready
[gen 77/200] run_0076 status=inp_ready
[gen 78/200] run_0077 status=inp_ready
[gen 79/200] run_0078 status=inp_ready
[gen 80/200] run_0079 status=inp_ready
[gen 81/200] run_0080 status=inp_ready
[gen 82/200] run_0081 status=inp_ready
[gen 83/200] run_0082 status=inp_ready
[gen 84/200] run_0083 status=inp_ready
[gen 85/200] run_0084 status=inp_ready
[gen 86/200] run_0085 status=inp_ready
[gen 87/200] run_0086 status=inp_ready
[gen 88/200] run_0087 status=inp_ready
[gen 89/200] run_0088 status=inp_ready
[gen 90/200] run_0089 status=inp_ready
[gen 91/200] run_0090 status=inp_ready
[gen 92/200] run_0091 status=inp_ready
[gen 93/200] run_0092 status=inp_ready
[gen 94/200] run_0093 status=inp_ready
[gen 95/200] run_0094 status=inp_ready
[gen 96/200] run_0095 status=inp_ready
[gen 97/200] run_0096 status=inp_ready
[gen 98/200] run_0097 status=inp_ready
[gen 99/200] run_0098 status=inp_ready
[gen 100/200] run_0099 status=inp_ready
[gen 101/200] run_0100 status=inp_ready
[gen 102/200] run_0101 status=inp_ready
[gen 103/200] run_0102 status=inp_ready
[gen 104/200] run_0103 status=inp_ready
[gen 105/200] run_0104 status=inp_ready
[gen 106/200] run_0105 status=inp_ready
[gen 107/200] run_0106 status=inp_ready
[gen 108/200] run_0107 status=inp_ready
[gen 109/200] run_0108 status=inp_ready
[gen 110/200] run_0109 status=inp_ready
[gen 111/200] run_0110 status=inp_ready
[gen 112/200] run_0111 status=inp_ready
[gen 113/200] run_0112 status=inp_ready
[gen 114/200] run_0113 status=inp_ready
[gen 115/200] run_0114 status=inp_ready
[gen 116/200] run_0115 status=inp_ready
[gen 117/200] run_0116 status=inp_ready
[gen 118/200] run_0117 status=inp_ready
[gen 119/200] run_0118 status=inp_ready
[gen 120/200] run_0119 status=inp_ready
[gen 121/200] run_0120 status=inp_ready
[gen 122/200] run_0121 status=inp_ready
[gen 123/200] run_0122 status=inp_ready
[gen 124/200] run_0123 status=inp_ready
[gen 125/200] run_0124 status=inp_ready
[gen 126/200] run_0125 status=inp_ready
[gen 127/200] run_0126 status=inp_ready
[gen 128/200] run_0127 status=inp_ready
[gen 129/200] run_0128 status=inp_ready
[gen 130/200] run_0129 status=inp_ready
[gen 131/200] run_0130 status=inp_ready
[gen 132/200] run_0131 status=inp_ready
[gen 133/200] run_0132 status=inp_ready
[gen 134/200] run_0133 status=inp_ready
[gen 135/200] run_0134 status=inp_ready
[gen 136/200] run_0135 status=inp_ready
[gen 137/200] run_0136 status=inp_ready
[gen 138/200] run_0137 status=inp_ready
[gen 139/200] run_0138 status=inp_ready
[gen 140/200] run_0139 status=inp_ready
[gen 141/200] run_0140 status=inp_ready
[gen 142/200] run_0141 status=inp_ready
[gen 143/200] run_0142 status=inp_ready
[gen 144/200] run_0143 status=inp_ready
[gen 145/200] run_0144 status=inp_ready
[gen 146/200] run_0145 status=inp_ready
[gen 147/200] run_0146 status=inp_ready
[gen 148/200] run_0147 status=inp_ready
[gen 149/200] run_0148 status=inp_ready
[gen 150/200] run_0149 status=inp_ready
[gen 151/200] run_0150 status=inp_ready
[gen 152/200] run_0151 status=inp_ready
[gen 153/200] run_0152 status=inp_ready
[gen 154/200] run_0153 status=inp_ready
[gen 155/200] run_0154 status=inp_ready
[gen 156/200] run_0155 status=inp_ready
[gen 157/200] run_0156 status=inp_ready
[gen 158/200] run_0157 status=inp_ready
[gen 159/200] run_0158 status=inp_ready
[gen 160/200] run_0159 status=inp_ready
[gen 161/200] run_0160 status=inp_ready
[gen 162/200] run_0161 status=inp_ready
[gen 163/200] run_0162 status=inp_ready
[gen 164/200] run_0163 status=inp_ready
[gen 165/200] run_0164 status=inp_ready
[gen 166/200] run_0165 status=inp_ready
[gen 167/200] run_0166 status=inp_ready
[gen 168/200] run_0167 status=inp_ready
[gen 169/200] run_0168 status=inp_ready
[gen 170/200] run_0169 status=inp_ready
[gen 171/200] run_0170 status=inp_ready
[gen 172/200] run_0171 status=inp_ready
[gen 173/200] run_0172 status=inp_ready
[gen 174/200] run_0173 status=inp_ready
[gen 175/200] run_0174 status=inp_ready
[gen 176/200] run_0175 status=inp_ready
[gen 177/200] run_0176 status=inp_ready
[gen 178/200] run_0177 status=inp_ready
[gen 179/200] run_0178 status=inp_ready
[gen 180/200] run_0179 status=inp_ready
[gen 181/200] run_0180 status=inp_ready
[gen 182/200] run_0181 status=inp_ready
[gen 183/200] run_0182 status=inp_ready
[gen 184/200] run_0183 status=inp_ready
[gen 185/200] run_0184 status=inp_ready
[gen 186/200] run_0185 status=inp_ready
[gen 187/200] run_0186 status=inp_ready
[gen 188/200] run_0187 status=inp_ready
[gen 189/200] run_0188 status=inp_ready
[gen 190/200] run_0189 status=inp_ready
[gen 191/200] run_0190 status=inp_ready
[gen 192/200] run_0191 status=inp_ready
[gen 193/200] run_0192 status=inp_ready
[gen 194/200] run_0193 status=inp_ready
[gen 195/200] run_0194 status=inp_ready
[gen 196/200] run_0195 status=inp_ready
[gen 197/200] run_0196 status=inp_ready
[gen 198/200] run_0197 status=inp_ready
[gen 199/200] run_0198 status=inp_ready
[gen 200/200] run_0199 status=inp_ready
Manifest -> D:\python_run_package\samples\manifest_generate_inp.json
generate-inp done: 200/200 ready
>> C:\Users\taira\AppData\Local\Programs\Python\Python312\python.exe D:\python_run_package\driver.py --n 200 --seed 42 --max-workers 4 solve-parallel
solve-parallel: 200 jobs, max_workers=4
[solve 1/200] run_0002 status=solved
[solve 2/200] run_0003 status=solved
[solve 3/200] run_0000 status=solved
[solve 4/200] run_0001 status=solved
[solve 5/200] run_0004 status=solved
[solve 6/200] run_0005 status=solved
[solve 7/200] run_0006 status=solved
[solve 8/200] run_0007 status=solved
[solve 9/200] run_0008 status=solved
[solve 10/200] run_0009 status=solved
[solve 11/200] run_0010 status=solved
[solve 12/200] run_0011 status=solved
[solve 13/200] run_0012 status=solved
[solve 14/200] run_0013 status=solved
[solve 15/200] run_0014 status=solved
[solve 16/200] run_0015 status=solved
[solve 17/200] run_0017 status=solved
[solve 18/200] run_0016 status=solved
[solve 19/200] run_0018 status=solved
[solve 20/200] run_0019 status=solved
[solve 21/200] run_0020 status=solved
[solve 22/200] run_0021 status=solved
[solve 23/200] run_0022 status=solved
[solve 24/200] run_0023 status=solved
[solve 25/200] run_0024 status=solved
[solve 26/200] run_0025 status=solved
[solve 27/200] run_0026 status=solved
[solve 28/200] run_0027 status=solved
[solve 29/200] run_0028 status=solved
[solve 30/200] run_0029 status=solved
[solve 31/200] run_0030 status=solved
[solve 32/200] run_0031 status=solved
[solve 33/200] run_0032 status=solved
[solve 34/200] run_0033 status=solved
[solve 35/200] run_0034 status=solved
[solve 36/200] run_0035 status=solved
[solve 37/200] run_0036 status=solved
[solve 38/200] run_0037 status=solved
[solve 39/200] run_0038 status=solved
[solve 40/200] run_0039 status=solved
[solve 41/200] run_0040 status=solved
[solve 42/200] run_0041 status=solved
[solve 43/200] run_0042 status=solved
[solve 44/200] run_0043 status=solved
[solve 45/200] run_0044 status=solved
[solve 46/200] run_0045 status=solved
[solve 47/200] run_0046 status=solved
[solve 48/200] run_0047 status=solved
[solve 49/200] run_0048 status=solved
[solve 50/200] run_0049 status=solved
[solve 51/200] run_0050 status=solved
[solve 52/200] run_0051 status=solved
[solve 53/200] run_0052 status=solved
[solve 54/200] run_0053 status=solved
[solve 55/200] run_0054 status=solved
[solve 56/200] run_0055 status=solved
[solve 57/200] run_0056 status=solved
[solve 58/200] run_0057 status=solved
[solve 59/200] run_0058 status=solved
[solve 60/200] run_0059 status=solved
[solve 61/200] run_0060 status=solved
[solve 62/200] run_0061 status=solved
[solve 63/200] run_0062 status=solved
[solve 64/200] run_0063 status=solved
[solve 65/200] run_0064 status=solved
[solve 66/200] run_0065 status=solved
[solve 67/200] run_0066 status=solved
[solve 68/200] run_0067 status=solved
[solve 69/200] run_0068 status=solved
[solve 70/200] run_0069 status=solved
[solve 71/200] run_0070 status=solved
[solve 72/200] run_0071 status=solved
[solve 73/200] run_0072 status=solved
[solve 74/200] run_0073 status=solved
[solve 75/200] run_0074 status=solved
[solve 76/200] run_0075 status=solved
[solve 77/200] run_0076 status=solved
[solve 78/200] run_0077 status=solved
[solve 79/200] run_0078 status=solved
[solve 80/200] run_0079 status=solved
[solve 81/200] run_0080 status=solved
[solve 82/200] run_0081 status=solved
[solve 83/200] run_0082 status=solved
[solve 84/200] run_0083 status=solved
[solve 85/200] run_0084 status=solved
[solve 86/200] run_0085 status=solved
[solve 87/200] run_0086 status=solved
[solve 88/200] run_0087 status=solved
[solve 89/200] run_0088 status=solved
[solve 90/200] run_0089 status=solved
[solve 91/200] run_0090 status=solved
[solve 92/200] run_0091 status=solved
[solve 93/200] run_0092 status=solved
[solve 94/200] run_0093 status=solved
[solve 95/200] run_0094 status=solved
[solve 96/200] run_0095 status=solved
[solve 97/200] run_0096 status=solved
[solve 98/200] run_0097 status=solved
[solve 99/200] run_0098 status=solved
[solve 100/200] run_0099 status=solved
[solve 101/200] run_0100 status=solved
[solve 102/200] run_0101 status=solved
[solve 103/200] run_0102 status=solved
[solve 104/200] run_0103 status=solved
[solve 105/200] run_0104 status=solved
[solve 106/200] run_0105 status=solved
[solve 107/200] run_0106 status=solved
[solve 108/200] run_0107 status=solved
[solve 109/200] run_0108 status=solved
[solve 110/200] run_0109 status=solved
[solve 111/200] run_0110 status=solved
[solve 112/200] run_0111 status=solved
[solve 113/200] run_0112 status=solved
[solve 114/200] run_0113 status=solved
[solve 115/200] run_0114 status=solved
[solve 116/200] run_0115 status=solved
[solve 117/200] run_0116 status=solved
[solve 118/200] run_0117 status=solved
[solve 119/200] run_0118 status=solved
[solve 120/200] run_0119 status=solved
[solve 121/200] run_0120 status=solved
[solve 122/200] run_0121 status=solved
[solve 123/200] run_0122 status=solved
[solve 124/200] run_0123 status=solved
[solve 125/200] run_0124 status=solved
[solve 126/200] run_0125 status=solved
[solve 127/200] run_0126 status=solved
[solve 128/200] run_0127 status=solved
[solve 129/200] run_0128 status=solved
[solve 130/200] run_0129 status=solved
[solve 131/200] run_0130 status=solved
[solve 132/200] run_0131 status=solved
[solve 133/200] run_0132 status=solved
[solve 134/200] run_0133 status=solved
[solve 135/200] run_0134 status=solved
[solve 136/200] run_0135 status=solved
[solve 137/200] run_0136 status=solved
[solve 138/200] run_0137 status=solved
[solve 139/200] run_0138 status=solved
[solve 140/200] run_0139 status=solved
[solve 141/200] run_0140 status=solved
[solve 142/200] run_0141 status=solved
[solve 143/200] run_0142 status=solved
[solve 144/200] run_0143 status=solved
[solve 145/200] run_0144 status=solved
[solve 146/200] run_0145 status=solved
[solve 147/200] run_0146 status=solved
[solve 148/200] run_0147 status=solved
[solve 149/200] run_0148 status=solved
[solve 150/200] run_0149 status=solved
[solve 151/200] run_0150 status=solved
[solve 152/200] run_0151 status=solved
[solve 153/200] run_0152 status=solved
[solve 154/200] run_0153 status=solved
[solve 155/200] run_0154 status=solved
[solve 156/200] run_0155 status=solved
[solve 157/200] run_0156 status=solved
[solve 158/200] run_0157 status=solved
[solve 159/200] run_0158 status=solved
[solve 160/200] run_0159 status=solved
[solve 161/200] run_0160 status=solved
[solve 162/200] run_0161 status=solved
[solve 163/200] run_0162 status=solved
[solve 164/200] run_0163 status=solved
[solve 165/200] run_0164 status=solved
[solve 166/200] run_0165 status=solved
[solve 167/200] run_0166 status=solved
[solve 168/200] run_0167 status=solved
[solve 169/200] run_0168 status=solved
[solve 170/200] run_0169 status=solved
[solve 171/200] run_0170 status=solved
[solve 172/200] run_0171 status=solved
[solve 173/200] run_0172 status=solved
[solve 174/200] run_0173 status=solved
[solve 175/200] run_0174 status=solved
[solve 176/200] run_0175 status=solved
[solve 177/200] run_0176 status=solved
[solve 178/200] run_0177 status=solved
[solve 179/200] run_0178 status=solved
[solve 180/200] run_0179 status=solved
[solve 181/200] run_0180 status=solved
[solve 182/200] run_0182 status=solved
[solve 183/200] run_0181 status=solved
[solve 184/200] run_0183 status=solved
[solve 185/200] run_0184 status=solved
[solve 186/200] run_0185 status=solved
[solve 187/200] run_0186 status=solved
[solve 188/200] run_0187 status=solved
[solve 189/200] run_0188 status=solved
[solve 190/200] run_0189 status=solved
[solve 191/200] run_0190 status=solved
[solve 192/200] run_0191 status=solved
[solve 193/200] run_0192 status=solved
[solve 194/200] run_0193 status=solved
[solve 195/200] run_0194 status=solved
[solve 196/200] run_0195 status=solved
[solve 197/200] run_0196 status=solved
[solve 198/200] run_0197 status=solved
[solve 199/200] run_0198 status=solved
[solve 200/200] run_0199 status=solved
Manifest -> D:\python_run_package\samples\manifest_solve.json
solve-parallel done: 200/200 with ODB
>> C:\Users\taira\AppData\Local\Programs\Python\Python312\python.exe D:\python_run_package\driver.py --n 200 --seed 42 --max-workers 4 extract
[extract 1/200] run_0002 status=ok
[extract 2/200] run_0001 status=ok
[extract 3/200] run_0000 status=ok
[extract 4/200] run_0003 status=ok
[extract 5/200] run_0004 status=ok
[extract 6/200] run_0005 status=ok
[extract 7/200] run_0006 status=ok
[extract 8/200] run_0007 status=ok
[extract 9/200] run_0008 status=ok
[extract 10/200] run_0009 status=ok
[extract 11/200] run_0011 status=ok
[extract 12/200] run_0010 status=ok
[extract 13/200] run_0012 status=ok
[extract 14/200] run_0013 status=ok
[extract 15/200] run_0015 status=ok
[extract 16/200] run_0014 status=ok
[extract 17/200] run_0016 status=ok
[extract 18/200] run_0017 status=ok
[extract 19/200] run_0018 status=ok
[extract 20/200] run_0019 status=ok
[extract 21/200] run_0020 status=ok
[extract 22/200] run_0022 status=ok
[extract 23/200] run_0023 status=ok
[extract 24/200] run_0021 status=ok
[extract 25/200] run_0024 status=ok
[extract 26/200] run_0026 status=ok
[extract 27/200] run_0025 status=ok
[extract 28/200] run_0027 status=ok
[extract 29/200] run_0028 status=ok
[extract 30/200] run_0029 status=ok
[extract 31/200] run_0030 status=ok
[extract 32/200] run_0031 status=ok
[extract 33/200] run_0032 status=ok
[extract 34/200] run_0033 status=ok
[extract 35/200] run_0034 status=ok
[extract 36/200] run_0035 status=ok
[extract 37/200] run_0036 status=ok
[extract 38/200] run_0037 status=ok
[extract 39/200] run_0038 status=ok
[extract 40/200] run_0039 status=ok
[extract 41/200] run_0040 status=ok
[extract 42/200] run_0041 status=ok
[extract 43/200] run_0042 status=ok
[extract 44/200] run_0043 status=ok
[extract 45/200] run_0044 status=ok
[extract 46/200] run_0045 status=ok
[extract 47/200] run_0046 status=ok
[extract 48/200] run_0047 status=ok
[extract 49/200] run_0048 status=ok
[extract 50/200] run_0050 status=ok
[extract 51/200] run_0049 status=ok
[extract 52/200] run_0051 status=ok
[extract 53/200] run_0052 status=ok
[extract 54/200] run_0055 status=ok
[extract 55/200] run_0054 status=ok
[extract 56/200] run_0053 status=ok
[extract 57/200] run_0056 status=ok
[extract 58/200] run_0057 status=ok
[extract 59/200] run_0058 status=ok
[extract 60/200] run_0059 status=ok
[extract 61/200] run_0060 status=ok
[extract 62/200] run_0061 status=ok
[extract 63/200] run_0062 status=ok
[extract 64/200] run_0063 status=ok
[extract 65/200] run_0064 status=ok
[extract 66/200] run_0065 status=ok
[extract 67/200] run_0066 status=ok
[extract 68/200] run_0067 status=ok
[extract 69/200] run_0068 status=ok
[extract 70/200] run_0069 status=ok
[extract 71/200] run_0070 status=ok
[extract 72/200] run_0071 status=ok
[extract 73/200] run_0072 status=ok
[extract 74/200] run_0073 status=ok
[extract 75/200] run_0074 status=ok
[extract 76/200] run_0075 status=ok
[extract 77/200] run_0076 status=ok
[extract 78/200] run_0077 status=ok
[extract 79/200] run_0078 status=ok
[extract 80/200] run_0079 status=ok
[extract 81/200] run_0080 status=ok
[extract 82/200] run_0081 status=ok
[extract 83/200] run_0082 status=ok
[extract 84/200] run_0083 status=ok
[extract 85/200] run_0084 status=ok
[extract 86/200] run_0085 status=ok
[extract 87/200] run_0086 status=ok
[extract 88/200] run_0087 status=ok
[extract 89/200] run_0088 status=ok
[extract 90/200] run_0089 status=ok
[extract 91/200] run_0090 status=ok
[extract 92/200] run_0091 status=ok
[extract 93/200] run_0092 status=ok
[extract 94/200] run_0093 status=ok
[extract 95/200] run_0094 status=ok
[extract 96/200] run_0095 status=ok
[extract 97/200] run_0096 status=ok
[extract 98/200] run_0097 status=ok
[extract 99/200] run_0098 status=ok
[extract 100/200] run_0099 status=ok
[extract 101/200] run_0100 status=ok
[extract 102/200] run_0101 status=ok
[extract 103/200] run_0102 status=ok
[extract 104/200] run_0103 status=ok
[extract 105/200] run_0104 status=ok
[extract 106/200] run_0105 status=ok
[extract 107/200] run_0106 status=ok
[extract 108/200] run_0107 status=ok
[extract 109/200] run_0108 status=ok
[extract 110/200] run_0109 status=ok
[extract 111/200] run_0110 status=ok
[extract 112/200] run_0111 status=ok
[extract 113/200] run_0112 status=ok
[extract 114/200] run_0113 status=ok
[extract 115/200] run_0115 status=ok
[extract 116/200] run_0114 status=ok
[extract 117/200] run_0116 status=ok
[extract 118/200] run_0117 status=ok
[extract 119/200] run_0118 status=ok
[extract 120/200] run_0119 status=ok
[extract 121/200] run_0120 status=ok
[extract 122/200] run_0121 status=ok
[extract 123/200] run_0123 status=ok
[extract 124/200] run_0122 status=ok
[extract 125/200] run_0124 status=ok
[extract 126/200] run_0125 status=ok
[extract 127/200] run_0126 status=ok
[extract 128/200] run_0127 status=ok
[extract 129/200] run_0128 status=ok
[extract 130/200] run_0129 status=ok
[extract 131/200] run_0130 status=ok
[extract 132/200] run_0131 status=ok
[extract 133/200] run_0132 status=ok
[extract 134/200] run_0133 status=ok
[extract 135/200] run_0134 status=ok
[extract 136/200] run_0135 status=ok
[extract 137/200] run_0136 status=ok
[extract 138/200] run_0138 status=ok
[extract 139/200] run_0137 status=ok
[extract 140/200] run_0139 status=ok
[extract 141/200] run_0140 status=ok
[extract 142/200] run_0141 status=ok
[extract 143/200] run_0142 status=ok
[extract 144/200] run_0143 status=ok
[extract 145/200] run_0144 status=ok
[extract 146/200] run_0145 status=ok
[extract 147/200] run_0146 status=ok
[extract 148/200] run_0147 status=ok
[extract 149/200] run_0148 status=ok
[extract 150/200] run_0151 status=ok
[extract 151/200] run_0149 status=ok
[extract 152/200] run_0150 status=ok
[extract 153/200] run_0152 status=ok
[extract 154/200] run_0153 status=ok
[extract 155/200] run_0154 status=ok
[extract 156/200] run_0155 status=ok
[extract 157/200] run_0156 status=ok
[extract 158/200] run_0157 status=ok
[extract 159/200] run_0159 status=ok
[extract 160/200] run_0158 status=ok
[extract 161/200] run_0160 status=ok
[extract 162/200] run_0161 status=ok
[extract 163/200] run_0162 status=ok
[extract 164/200] run_0163 status=ok
[extract 165/200] run_0164 status=ok
[extract 166/200] run_0165 status=ok
[extract 167/200] run_0166 status=ok
[extract 168/200] run_0167 status=ok
[extract 169/200] run_0168 status=ok
[extract 170/200] run_0169 status=ok
[extract 171/200] run_0170 status=ok
[extract 172/200] run_0171 status=ok
[extract 173/200] run_0172 status=ok
[extract 174/200] run_0173 status=ok
[extract 175/200] run_0174 status=ok
[extract 176/200] run_0175 status=ok
[extract 177/200] run_0176 status=ok
[extract 178/200] run_0177 status=ok
[extract 179/200] run_0179 status=ok
[extract 180/200] run_0178 status=ok
[extract 181/200] run_0180 status=ok
[extract 182/200] run_0181 status=ok
[extract 183/200] run_0182 status=ok
[extract 184/200] run_0183 status=ok
[extract 185/200] run_0184 status=ok
[extract 186/200] run_0186 status=ok
[extract 187/200] run_0185 status=ok
[extract 188/200] run_0187 status=ok
[extract 189/200] run_0188 status=ok
[extract 190/200] run_0190 status=ok
[extract 191/200] run_0189 status=ok
[extract 192/200] run_0191 status=ok
[extract 193/200] run_0192 status=ok
[extract 194/200] run_0193 status=ok
[extract 195/200] run_0194 status=ok
[extract 196/200] run_0195 status=ok
[extract 197/200] run_0196 status=ok
[extract 198/200] run_0197 status=ok
[extract 199/200] run_0198 status=ok
[extract 200/200] run_0199 status=ok
Manifest -> D:\python_run_package\samples\manifest_extract.json
extract done: 200/200 ok
>> C:\Users\taira\AppData\Local\Programs\Python\Python312\python.exe D:\python_run_package\driver.py --n 200 --seed 42 --max-workers 4 build
Wrote dataset\train.npz  (200 ok, 0 skipped)
Wrote dataset\train.csv
Wrote dataset\manifest.json
Done. Next: python surrogate/train_gp.py
